Traceback (most recent call last):
  File "/tmp/blender-4.2.23-linux-x64/4.2/scripts/modules/addon_utils.py", line 432, in enable
    mod = importlib.import_module(module_name)
          ^^^^^^^^^^^^^^^^^^^^^^^^^^^^^^^^^^^^
  File "/tmp/blender-4.2.23-linux-x64/4.2/python/lib/python3.11/importlib/__init__.py", line 126, in import_module
    return _bootstrap._gcd_import(name[level:], package, level)
           ^^^^^^^^^^^^^^^^^^^^^^^^^^^^^^^^^^^^^^^^^^^^^^^^^^^^
  File "<frozen importlib._bootstrap>", line 1204, in _gcd_import
  File "<frozen importlib._bootstrap>", line 1176, in _find_and_load
  File "<frozen importlib._bootstrap>", line 1140, in _find_and_load_unlocked
ModuleNotFoundError: Add-on not loaded: "io_scene_vrm", cause: No module named 'io_scene_vrm'
Blender 4.2.23 LTS (hash d0cbe84903e8 built 2026-07-21 01:31:03)
Traceback (most recent call last):
  File "/home/runner/work/Runner-test/Runner-test/bl/render.py", line 5, in <module>
    bpy.ops.preferences.addon_enable(module='io_scene_vrm')
  File "/tmp/blender-4.2.23-linux-x64/4.2/scripts/modules/bpy/ops.py", line 109, in __call__
    ret = _op_call(self.idname_py(), kw)
          ^^^^^^^^^^^^^^^^^^^^^^^^^^^^^^
RuntimeError: Error: Add-on not loaded: "io_scene_vrm", cause: No module named 'io_scene_vrm'

addon_utils.disable: VRM_Addon_for_Blender-release not loaded
Modules Installed (VRM_Addon_for_Blender-release) from '/tmp/vrm_addon.zip' into '/home/runner/.config/blender/4.2/scripts/addons'
Info: Modules Installed (VRM_Addon_for_Blender-release) from '/tmp/vrm_addon.zip' into '/home/runner/.config/blender/4.2/scripts/addons'
Error: Add-on not loaded: "io_scene_vrm", cause: No module named 'io_scene_vrm'

Blender quit
0
